// Jest Snapshot v1, https://goo.gl/fbAQLP

exports[`FilmCard component renders correctly 1`] = `
<article
  className="small-movie-card catalog__movies-card"
  onMouseEnter={[Function]}
>
  <a
    href="/film/undefined"
    onClick={[Function]}
  >
    <div />
  </a>
  <h3
    className="small-movie-card__title"
  >
    <a
      className="small-movie-card__link"
      href="/film/undefined"
      onClick={[Function]}
    >
      Fantastic Beasts
    </a>
  </h3>
</article>
`;
